// Jest Snapshot v1, https://jestjs.io/docs/snapshot-testing

exports[`snapshot: error text stays stable toThrowErrorMatchingSnapshot 1`] = `"Negative number!"`;
